c:\st\stm32cubeide_1.10.1\stm32cubeide\plugins\com.st.stm32cube.ide.mcu.externaltools.gnu-tools-for-stm32.10.3-2021.10.win32_1.0.0.202111181127\tools\bin\../lib/gcc/arm-none-eabi/10.3.1/../../../../arm-none-eabi/include/c++/10.3.1/arm-none-eabi/thumb/v7e-m+fp/hard/bits/gthr-default.h:229:1:int __gthread_key_delete(__gthread_key_t)	16	static
../Core/Inc/CliCommand.h:15:10:CliCommand::~CliCommand()	16	static
../Core/Inc/CliCommand.h:15:10:virtual CliCommand::~CliCommand()	16	static
../Core/Inc/CliCommand.h:31:7:void Container::registerCommand(const char*, CliCommand*)	24	static
../Core/Inc/CliCommand.h:12:7:constexpr CliCommand::CliCommand()	16	static
../Core/Src/CliCommand.cpp:18:2:LedOn::LedOn(Led*)	16	static
../Core/Src/CliCommand.cpp:22:7:virtual void LedOn::doCommand(const char*)	16	static
../Core/Src/CliCommand.cpp:32:2:WarningTempThreshold::WarningTempThreshold(TemperatureSettings*)	16	static
../Core/Src/CliCommand.cpp:37:7:virtual void WarningTempThreshold::doCommand(const char*)	24	static
../Core/Src/CliCommand.cpp:46:2:CriticalTempThreshold::CriticalTempThreshold(TemperatureSettings*)	16	static
../Core/Src/CliCommand.cpp:51:7:virtual void CriticalTempThreshold::doCommand(const char*)	24	static
../Core/Src/CliCommand.cpp:60:2:SetDateTimeRTC::SetDateTimeRTC(Rtc*)	16	static
../Core/Src/CliCommand.cpp:64:7:virtual void SetDateTimeRTC::doCommand(const char*)	64	static
../Core/Src/CliCommand.cpp:75:2:PrintLog::PrintLog(Log*)	16	static
../Core/Src/CliCommand.cpp:79:7:virtual void PrintLog::doCommand(const char*)	16	static
../Core/Src/CliCommand.cpp:88:2:ClearLog::ClearLog(Log*)	16	static
../Core/Src/CliCommand.cpp:92:7:virtual void ClearLog::doCommand(const char*)	16	static
../Core/Src/CliCommand.cpp:97:6:void Container::cliInit()	24	static
../Core/Src/CliCommand.cpp:84:7:ClearLog::~ClearLog()	16	static
../Core/Src/CliCommand.cpp:84:7:virtual ClearLog::~ClearLog()	16	static
../Core/Src/CliCommand.cpp:71:7:PrintLog::~PrintLog()	16	static
../Core/Src/CliCommand.cpp:71:7:virtual PrintLog::~PrintLog()	16	static
../Core/Src/CliCommand.cpp:56:7:SetDateTimeRTC::~SetDateTimeRTC()	16	static
../Core/Src/CliCommand.cpp:56:7:virtual SetDateTimeRTC::~SetDateTimeRTC()	16	static
../Core/Src/CliCommand.cpp:42:7:CriticalTempThreshold::~CriticalTempThreshold()	16	static
../Core/Src/CliCommand.cpp:42:7:virtual CriticalTempThreshold::~CriticalTempThreshold()	16	static
../Core/Src/CliCommand.cpp:28:7:WarningTempThreshold::~WarningTempThreshold()	16	static
../Core/Src/CliCommand.cpp:28:7:virtual WarningTempThreshold::~WarningTempThreshold()	16	static
../Core/Src/CliCommand.cpp:14:7:LedOn::~LedOn()	16	static
../Core/Src/CliCommand.cpp:14:7:virtual LedOn::~LedOn()	16	static
../Core/Src/CliCommand.cpp:105:1:void __static_initialization_and_destruction_0(int, int)	16	static
../Core/Src/CliCommand.cpp:105:1:cpp)	8	static
../Core/Src/CliCommand.cpp:105:1:cpp)	8	static
