c:\st\stm32cubeide_1.10.1\stm32cubeide\plugins\com.st.stm32cube.ide.mcu.externaltools.gnu-tools-for-stm32.10.3-2021.10.win32_1.0.0.202111181127\tools\bin\../lib/gcc/arm-none-eabi/10.3.1/../../../../arm-none-eabi/include/c++/10.3.1/arm-none-eabi/thumb/v7e-m+fp/hard/bits/gthr-default.h:229:1:int __gthread_key_delete(__gthread_key_t)	16	static
../Core/Src/Log.cpp:14:1:Log::Log(const char*)	16	static
../Core/Src/Log.cpp:18:1:Log::~Log()	16	static
../Core/Src/Log.cpp:18:1:virtual Log::~Log()	16	static
../Core/Src/Log.cpp:22:6:void Log::writeToLog(int, double)	632	static
../Core/Src/Log.cpp:68:6:void Log::printLog()	680	static
../Core/Src/Log.cpp:89:6:void Log::clearLog()	16	static
../Core/Src/Log.cpp:92:1:void __static_initialization_and_destruction_0(int, int)	16	static
../Core/Src/Log.cpp:92:1:cpp)	8	static
../Core/Src/Log.cpp:92:1:cpp)	8	static
