../Core/Src/main.c:119:5:main	8	static
../Core/Src/main.c:217:6:SystemClock_Config	96	static
../Core/Src/main.c:267:13:MX_I2C1_Init	8	static
../Core/Src/main.c:315:13:MX_SPI1_Init	8	static
../Core/Src/main.c:355:13:MX_TIM1_Init	40	static
../Core/Src/main.c:402:13:MX_TIM3_Init	48	static
../Core/Src/main.c:451:13:MX_USART2_UART_Init	8	static
../Core/Src/main.c:486:13:MX_GPIO_Init	48	static
../Core/Src/main.c:560:13:StartDefaultTask	16	static
../Core/Src/main.c:579:6:HAL_TIM_PeriodElapsedCallback	16	static
../Core/Src/main.c:596:6:Error_Handler	4	static,ignoring_inline_asm
