../Core/Src/main.c:127:5:main	8	static
../Core/Src/main.c:228:6:SystemClock_Config	96	static
../Core/Src/main.c:278:13:MX_I2C1_Init	8	static
../Core/Src/main.c:326:13:MX_SPI1_Init	8	static
../Core/Src/main.c:366:13:MX_TIM1_Init	40	static
../Core/Src/main.c:413:13:MX_TIM3_Init	48	static
../Core/Src/main.c:462:13:MX_USART2_UART_Init	8	static
../Core/Src/main.c:497:13:MX_GPIO_Init	48	static
../Core/Src/main.c:571:13:StartDefaultTask	16	static
../Core/Src/main.c:590:6:HAL_TIM_PeriodElapsedCallback	16	static
../Core/Src/main.c:607:6:Error_Handler	4	static,ignoring_inline_asm
