c:\st\stm32cubeide_1.10.1\stm32cubeide\plugins\com.st.stm32cube.ide.mcu.externaltools.gnu-tools-for-stm32.10.3-2021.10.win32_1.0.0.202111181127\tools\bin\../lib/gcc/arm-none-eabi/10.3.1/../../../../arm-none-eabi/include/c++/10.3.1/arm-none-eabi/thumb/v7e-m+fp/hard/bits/gthr-default.h:229:1:int __gthread_key_delete(__gthread_key_t)	16	static
../Core/Src/Tasks.cpp:39:16:int _write(int, char*, int)	24	static
../Core/Src/Tasks.cpp:45:17:void HAL_GPIO_EXTI_Callback(uint16_t)	16	static
../Core/Src/Tasks.cpp:61:17:void StartDefaultTask(void*)	16	static
../Core/Src/Tasks.cpp:69:17:void CheckTemeratureTask(void*)	16	static
../Core/Src/Tasks.cpp:83:17:void LedRunBlinkTask(void*)	16	static
../Core/Src/Tasks.cpp:92:17:void CommTask(void*)	24	static
../Core/Src/Tasks.cpp:114:17:void MonitorTemperatureTask(void*)	16	static
../Core/Src/Tasks.cpp:140:17:void TemperatureLogTask(void*)	16	static
../Core/Src/Tasks.cpp:147:1:void __static_initialization_and_destruction_0(int, int)	16	static
../Core/Src/Tasks.cpp:147:1:cpp)	8	static
../Core/Src/Tasks.cpp:147:1:cpp)	8	static
